  Γû▓ Next.js 14.2.35
  - Environments: .env

   Creating an optimized production build ...
node.exe : Failed to 
compile.
At line:1 char:1
+ & "C:\Program 
Files\nodejs/node.exe" "
C:\Users\choud\AppData\R
oaming\ ...
+ ~~~~~~~~~~~~~~~~~~~~~~
~~~~~~~~~~~~~~~~~~~~~~~~
~~~~~~~~~~~~~~~~~~~~~~~
    + CategoryInfo      
        : NotSpecified: 
(Fai    led to 
compile.:String    ) 
[], RemoteException
    + 
FullyQualifiedErrorI    
d : NativeCommandError
 

./node_modules/@imgly/ba
ckground-removal/dist/in
dex.mjs
Module not found: Can't 
resolve 
'onnxruntime-web'

https://nextjs.org/docs/
messages/module-not-foun
d

Import trace for 
requested module:
./src/components/PhotoBg
Processor.tsx
./src/app/submit/[token]
/page.tsx


> Build failed because 
of webpack errors
