
[1m[46m RUN [49m[22m [36mv4.1.2 [39m[90mC:/Users/choud/Desktop/print-id-craft/print-id-craft[39m

 [31mΓ¥»[39m src/__tests__/integration/api/students/import.test.ts [2m([22m[2m6 tests[22m[2m | [22m[31m4 failed[39m[2m)[22m[32m 22[2mms[22m[39m
       [32mΓ£ô[39m returns 401 Unauthorized if no active session is found[32m 6[2mms[22m[39m
       [32mΓ£ô[39m returns 401 Unauthorized if the user role is not MANUFACTURER or SCHOOL[32m 1[2mms[22m[39m
[31m       [31m├ù[31m returns 400 Bad Request if the payload body lacks the `students` array[39m[32m 7[2mms[22m[39m
[31m       [31m├ù[31m correctly maps CSV data rows into database student objects and calls createMany[39m[32m 2[2mms[22m[39m
[31m       [31m├ù[31m chunks data payloads larger than 500 into multiple Prisma createMany calls[39m[32m 2[2mms[22m[39m
[31m       [31m├ù[31m catches and returns a 500 status nicely if the database connection drops during createMany[39m[32m 2[2mms[22m[39m
node.exe : 
At line:1 char:1
+ & "C:\Program 
Files\nodejs/node.exe" "C:\
Users\choud\AppData\Roaming
\ ...
+ ~~~~~~~~~~~~~~~~~~~~~~~~~
~~~~~~~~~~~~~~~~~~~~~~~~~~~
~~~~~~~~~~~~~~~~~
    + CategoryInfo         
     : NotSpecified: (:St  
  ring) [], RemoteExcept   
 ion
    + FullyQualifiedErrorI 
   d : NativeCommandError
 
[31mΓÄ»ΓÄ»ΓÄ»ΓÄ»ΓÄ»ΓÄ»ΓÄ»
[39m[1m[41m Failed Tests 
4 [49m[22m[31mΓÄ»ΓÄ»ΓÄ»Γ
Ä»ΓÄ»ΓÄ»ΓÄ»[39m

[41m[1m FAIL [22m[49m s
rc/__tests__/integration/ap
i/students/import.test.ts[
2m > [22mPOST /api/schools
/[id]/students/import[2m 
> [22mAuthorization & 
Validation[2m > 
[22mreturns 400 Bad 
Request if the payload 
body lacks the `students` 
array
[31m[1mAssertionError[22
m: expected 404 to be 400 
// Object.is equality[39m

[32m- Expected[39m
[31m+ Received[39m

[32m- 400[39m
[31m+ 404[39m

[36m [2mΓ¥»[22m src/__te
sts__/integration/api/stude
nts/import.test.ts:[2m45:2
6[22m[39m
    [90m 43|[39m       })
    [90m 44|[39m       
[35mconst[39m res 
[33m=[39m 
[35mawait[39m [33mPOST[
39m(req[33m,[39m { 
params[33m:[39m { 
id[33m:[39m 
[32m's1'[39m } })
    [90m 45|[39m       [
34mexpect[39m(res[33m.[3
9mstatus)[33m.[39m[34mto
Be[39m([34m400[39m)
    [90m   |[39m         
                 
[31m^[39m
    [90m 46|[39m     })
    [90m 47|[39m   })

[31m[2mΓÄ»ΓÄ»ΓÄ»ΓÄ»ΓÄ»ΓÄ»
ΓÄ»ΓÄ»ΓÄ»ΓÄ»ΓÄ»ΓÄ»ΓÄ»ΓÄ»ΓÄ»
ΓÄ»ΓÄ»ΓÄ»ΓÄ»ΓÄ»ΓÄ»ΓÄ»ΓÄ»ΓÄ»
[1/4]ΓÄ»[22m[39m

[41m[1m FAIL [22m[49m s
rc/__tests__/integration/ap
i/students/import.test.ts[
2m > [22mPOST /api/schools
/[id]/students/import[2m 
> [22mBulk Data 
Processing[2m > 
[22mcorrectly maps CSV 
data rows into database 
student objects and calls 
createMany
[31m[1mAssertionError[22
m: expected 404 to be 200 
// Object.is equality[39m

[32m- Expected[39m
[31m+ Received[39m

[32m- 200[39m
[31m+ 404[39m

[36m [2mΓ¥»[22m src/__te
sts__/integration/api/stude
nts/import.test.ts:[2m61:2
6[22m[39m
    [90m 59|[39m       
[35mconst[39m res 
[33m=[39m 
[35mawait[39m [33mPOST[
39m(req[33m,[39m { 
params[33m:[39m { 
id[33m:[39m 
[32m's1'[39m } })
    [90m 60|[39m
    [90m 61|[39m       [
34mexpect[39m(res[33m.[3
9mstatus)[33m.[39m[34mto
Be[39m([34m200[39m)
    [90m   |[39m         
                 
[31m^[39m
    [90m 62|[39m       
[35mconst[39m data 
[33m=[39m 
[35mawait[39m res[33m.[
39m[34mjson[39m()
    [90m 63|[39m       [
34mexpect[39m(data[33m.[
39msuccess)[33m.[39m[34m
toBe[39m([35mtrue[39m)

[31m[2mΓÄ»ΓÄ»ΓÄ»ΓÄ»ΓÄ»ΓÄ»
ΓÄ»ΓÄ»ΓÄ»ΓÄ»ΓÄ»ΓÄ»ΓÄ»ΓÄ»ΓÄ»
ΓÄ»ΓÄ»ΓÄ»ΓÄ»ΓÄ»ΓÄ»ΓÄ»ΓÄ»ΓÄ»
[2/4]ΓÄ»[22m[39m

[41m[1m FAIL [22m[49m s
rc/__tests__/integration/ap
i/students/import.test.ts[
2m > [22mPOST /api/schools
/[id]/students/import[2m 
> [22mBulk Data 
Processing[2m > 
[22mchunks data payloads 
larger than 500 into 
multiple Prisma createMany 
calls
[31m[1mAssertionError[22
m: expected 404 to be 200 
// Object.is equality[39m

[32m- Expected[39m
[31m+ Received[39m

[32m- 200[39m
[31m+ 404[39m

[36m [2mΓ¥»[22m src/__te
sts__/integration/api/stude
nts/import.test.ts:[2m84:2
6[22m[39m
    [90m 82|[39m       })
    [90m 83|[39m       
[35mconst[39m res 
[33m=[39m 
[35mawait[39m [33mPOST[
39m(req[33m,[39m { 
params[33m:[39m { 
id[33m:[39m 
[32m's1'[39m } })
    [90m 84|[39m       [
34mexpect[39m(res[33m.[3
9mstatus)[33m.[39m[34mto
Be[39m([34m200[39m)
    [90m   |[39m         
                 
[31m^[39m
    [90m 85|[39m
    [90m 86|[39m       
// Expected createMany 
calls: 1200 total -> 
chunks of 500 = 3 chΓÇª

[31m[2mΓÄ»ΓÄ»ΓÄ»ΓÄ»ΓÄ»ΓÄ»
ΓÄ»ΓÄ»ΓÄ»ΓÄ»ΓÄ»ΓÄ»ΓÄ»ΓÄ»ΓÄ»
ΓÄ»ΓÄ»ΓÄ»ΓÄ»ΓÄ»ΓÄ»ΓÄ»ΓÄ»ΓÄ»
[3/4]ΓÄ»[22m[39m

[41m[1m FAIL [22m[49m s
rc/__tests__/integration/ap
i/students/import.test.ts[
2m > [22mPOST /api/schools
/[id]/students/import[2m 
> [22mDatabase 
Resilience[2m > 
[22mcatches and returns a 
500 status nicely if the 
database connection drops 
during createMany
[31m[1mAssertionError[22
m: expected 404 to be 500 
// Object.is equality[39m

[32m- Expected[39m
[31m+ Received[39m

[32m- 500[39m
[31m+ 404[39m

[36m [2mΓ¥»[22m src/__te
sts__/integration/api/stude
nts/import.test.ts:[2m106:
26[22m[39m
    [90m104|[39m       
[35mconst[39m res 
[33m=[39m 
[35mawait[39m [33mPOST[
39m(req[33m,[39m { 
params[33m:[39m { 
id[33m:[39m 
[32m's1'[39m } })
    [90m105|[39m
    [90m106|[39m       [
34mexpect[39m(res[33m.[3
9mstatus)[33m.[39m[34mto
Be[39m([34m500[39m)
    [90m   |[39m         
                 
[31m^[39m
    [90m107|[39m       
[35mconst[39m data 
[33m=[39m 
[35mawait[39m res[33m.[
39m[34mjson[39m()
    [90m108|[39m       [
34mexpect[39m(data[33m.[
39merror)[33m.[39m[34mto
Be[39m([32m'Internal 
server error'[39m)

[31m[2mΓÄ»ΓÄ»ΓÄ»ΓÄ»ΓÄ»ΓÄ»
ΓÄ»ΓÄ»ΓÄ»ΓÄ»ΓÄ»ΓÄ»ΓÄ»ΓÄ»ΓÄ»
ΓÄ»ΓÄ»ΓÄ»ΓÄ»ΓÄ»ΓÄ»ΓÄ»ΓÄ»ΓÄ»
[4/4]ΓÄ»[22m[39m


[2m Test Files [22m [1m[31m1 failed[39m[22m[90m (1)[39m
[2m      Tests [22m [1m[31m4 failed[39m[22m[2m | [22m[1m[32m2 passed[39m[22m[90m (6)[39m
[2m   Start at [22m 17:39:15
[2m   Duration [22m 597ms[2m (transform 73ms, setup 36ms, import 267ms, tests 22ms, environment 0ms)[22m

